// Jest Snapshot v1, https://goo.gl/fbAQLP

exports[`languages renders properly with props 1`] = `
<div>
  <dl>
    <div id="french" class="bg-white odd:bg-gray-200 px-4 py-5 sm:grid sm:grid-cols-3 sm:gap-4 sm:px-6">
      <dt class="text-sm leading-5 font-medium text-gray-700">
        french
      </dt>
      <dd class="mt-1 text-sm leading-5 text-gray-900 sm:mt-0 sm:col-span-2">
        french description
      </dd>
    </div>
    <div id="english" class="bg-white odd:bg-gray-200 px-4 py-5 sm:grid sm:grid-cols-3 sm:gap-4 sm:px-6">
      <dt class="text-sm leading-5 font-medium text-gray-700">
        english
      </dt>
      <dd class="mt-1 text-sm leading-5 text-gray-900 sm:mt-0 sm:col-span-2">
        english description
      </dd>
    </div>
  </dl>
</div>
`;
