// Jest Snapshot v1, https://goo.gl/fbAQLP

exports[`fabien renders properly 1`] = `
<div class="font-display">
  <leftsidenavigation-stub name="getFullName" picture="getPicture" menuitems="[object Object],[object Object],[object Object],[object Object],[object Object],[object Object],[object Object],[object Object]"></leftsidenavigation-stub>
  <main class="p-4">
    <section id="identity">
      <h1heading-stub first="true">
        $t('identity.name')
      </h1heading-stub>
      <p class="text-justify"><span class="text-lg text-blue-700 italic whitespace-no-wrap">
          39 years
        </span>
        &nbsp;/&nbsp;
        <span class="text-lg text-blue-700 italic whitespace-no-wrap">
          Paris
        </span>
        &nbsp;/&nbsp;
        <span class="text-lg text-blue-700 italic">
          getLastJob
        </span></p>
      <p class="text-justify">
        getPresentation
      </p>
    </section>
    <section id="contact-me">
      <h1heading-stub>$t('contact-me.name')</h1heading-stub>
      <followme-stub links="[object Object]"></followme-stub>
      <contactme-stub></contactme-stub>
    </section>
    <section id="experiences">
      <h1heading-stub>$t('experiences.name')</h1heading-stub>
      <experiences-stub experiences="[object Object]"></experiences-stub>
    </section>
    <section id="skills">
      <h1heading-stub>$t('skills.name')</h1heading-stub>
      <skills-stub skills="[object Object]"></skills-stub>
    </section>
    <section id="educations">
      <h1heading-stub>$t('educations.name')</h1heading-stub>
      <educations-stub educations="[object Object]"></educations-stub>
    </section>
    <section id="languages">
      <h1heading-stub>$t('languages.name')</h1heading-stub>
      <languages-stub languages="[object Object]"></languages-stub>
    </section>
    <section id="certifications">
      <h1heading-stub>$t('certifications.name')</h1heading-stub>
      <certifications-stub certifications="[object Object]"></certifications-stub>
    </section>
    <section id="hobbies">
      <h1heading-stub>$t('hobbies.name')</h1heading-stub>
      <hobbies-stub hobbies="[object Object]"></hobbies-stub>
    </section>
  </main>
</div>
`;
