// Jest Snapshot v1, https://goo.gl/fbAQLP

exports[`skills renders properly with props 1`] = `
<div>
  <div class="flex bg-white shadow-lg rounded-lg md:mx-auto max-w-md md:max-w-2xl mb-4">
    <div class="flex items-start px-4 py-6 w-full">
      <svgicon-stub class="w-12 mr-4"></svgicon-stub>
      <div class="w-full">
        <h2 class="text-lg font-semibold text-gray-900 -mt-1 mb-4">
          foo
        </h2>
        <progressbar-stub label="item at 90%" percentage="90" class="mb-4"></progressbar-stub>
        <progressbar-stub label="item at 60%" percentage="60" class="mb-4"></progressbar-stub>
      </div>
    </div>
  </div>
  <div class="flex bg-white shadow-lg rounded-lg md:mx-auto max-w-md md:max-w-2xl mb-4">
    <div class="flex items-start px-4 py-6 w-full">
      <svgicon-stub class="w-12 mr-4"></svgicon-stub>
      <div class="w-full">
        <h2 class="text-lg font-semibold text-gray-900 -mt-1 mb-4">
          bar
        </h2>
        <progressbar-stub label="item at 50%" percentage="50" class="mb-4"></progressbar-stub>
      </div>
    </div>
  </div>
</div>
`;
