// Jest Snapshot v1, https://goo.gl/fbAQLP

exports[`educations renders properly with props 1`] = `
<section class="px-12">
  <ul class="relative">
    <li id="school1" class="relative w-full my-16 ml-8 last:mb-5 first:mt-5"><span class="absolute top-0 left-0"></span>
      <div class="text-lg">
        school1
      </div>
      <div class="italic text-gray-700">
        school1 description
      </div>
      <div class="year"><span class="absolute text-right">2020</span> <span class="absolute text-right">2000</span></div>
    </li>
    <li id="school2" class="relative w-full my-16 ml-8 last:mb-5 first:mt-5"><span class="absolute top-0 left-0"></span>
      <div class="text-lg">
        school2
      </div>
      <div class="italic text-gray-700">
        school2 description
      </div>
      <div class="year"><span class="absolute text-right">jan 2020</span> <span class="absolute text-right"></span></div>
    </li>
    <li id="school3" class="relative w-full my-16 ml-8 last:mb-5 first:mt-5"><span class="absolute top-0 left-0"></span>
      <div class="text-lg">
        school3
      </div>
      <div class="italic text-gray-700">
        school3 description
      </div>
      <div class="year"><span class="absolute text-right">dec 2000</span> <span class="absolute text-right"></span></div>
    </li>
  </ul>
</section>
`;
