// Jest Snapshot v1, https://goo.gl/fbAQLP

exports[`experiences renders properly with props 1`] = `
<div>
  <div id="myLastExperience" class="max-w-sm w-full lg:max-w-full lg:flex mb-4 last:mb-0">
    <div title="job1" class="h-48 lg:h-auto lg:w-64 flex-none bg-cover rounded-t lg:rounded-t-none lg:rounded-l text-center overflow-hidden bg-center" style="background-image: url(/url/to/jobImage1);"></div>
    <div class="border-r border-b border-l border-gray-400 lg:border-l-0 lg:border-t lg:border-gray-400 bg-white rounded-b lg:rounded-b-none lg:rounded-r p-4 flex flex-col justify-between leading-normal lg:w-full">
      <div class="mb-4">
        <p class="text-sm text-gray-700 flex"><svg xmlns="http://www.w3.org/2000/svg" viewBox="0 0 20 20" class="fill-current w-5 h-5 mr-2">
            <path fill-rule="evenodd" d="M6 2a1 1 0 00-1 1v1H4a2 2 0 00-2 2v10a2 2 0 002 2h12a2 2 0 002-2V6a2 2 0 00-2-2h-1V3a1 1 0 10-2 0v1H7V3a1 1 0 00-1-1zm0 5a1 1 0 000 2h8a1 1 0 100-2H6z" clip-rule="evenodd"></path>
          </svg>
          date1
        </p>
        <div class="font-bold text-xl mb-2">
          job1
        </div>
        <!---->
      </div> <a href="url/to/site" target="_blank" rel="noopener noreferrer">
        <societycontent-stub society="[object Object]"></societycontent-stub>
      </a>
    </div>
  </div>
  <div id="myMiddleExperience" class="max-w-sm w-full lg:max-w-full lg:flex mb-4 last:mb-0">
    <div title="job2" class="h-48 lg:h-auto lg:w-64 flex-none bg-cover rounded-t lg:rounded-t-none lg:rounded-l text-center overflow-hidden bg-center" style="background-image: url(/url/to/jobImage2);"></div>
    <div class="border-r border-b border-l border-gray-400 lg:border-l-0 lg:border-t lg:border-gray-400 bg-white rounded-b lg:rounded-b-none lg:rounded-r p-4 flex flex-col justify-between leading-normal lg:w-full">
      <div class="mb-4">
        <p class="text-sm text-gray-700 flex"><svg xmlns="http://www.w3.org/2000/svg" viewBox="0 0 20 20" class="fill-current w-5 h-5 mr-2">
            <path fill-rule="evenodd" d="M6 2a1 1 0 00-1 1v1H4a2 2 0 00-2 2v10a2 2 0 002 2h12a2 2 0 002-2V6a2 2 0 00-2-2h-1V3a1 1 0 10-2 0v1H7V3a1 1 0 00-1-1zm0 5a1 1 0 000 2h8a1 1 0 100-2H6z" clip-rule="evenodd"></path>
          </svg>
          date2
        </p>
        <div class="font-bold text-xl mb-2">
          job2
        </div>
        <!---->
      </div>
      <societycontent-stub society="[object Object]"></societycontent-stub>
    </div>
  </div>
  <div id="myFirstExperience" class="max-w-sm w-full lg:max-w-full lg:flex mb-4 last:mb-0">
    <div title="job3" class="h-48 lg:h-auto lg:w-64 flex-none bg-cover rounded-t lg:rounded-t-none lg:rounded-l text-center overflow-hidden bg-center" style="background-image: url(/url/to/jobImage3);"></div>
    <div class="border-r border-b border-l border-gray-400 lg:border-l-0 lg:border-t lg:border-gray-400 bg-white rounded-b lg:rounded-b-none lg:rounded-r p-4 flex flex-col justify-between leading-normal lg:w-full">
      <div class="mb-4">
        <p class="text-sm text-gray-700 flex"><svg xmlns="http://www.w3.org/2000/svg" viewBox="0 0 20 20" class="fill-current w-5 h-5 mr-2">
            <path fill-rule="evenodd" d="M6 2a1 1 0 00-1 1v1H4a2 2 0 00-2 2v10a2 2 0 002 2h12a2 2 0 002-2V6a2 2 0 00-2-2h-1V3a1 1 0 10-2 0v1H7V3a1 1 0 00-1-1zm0 5a1 1 0 000 2h8a1 1 0 100-2H6z" clip-rule="evenodd"></path>
          </svg>
          date3
        </p>
        <div class="font-bold text-xl mb-2">
          job3
        </div>
        <ul class="text-gray-700 text-base">
          <li>
            mission31
          </li>
          <li>
            mission32
          </li>
        </ul>
      </div>
      <!---->
    </div>
  </div>
</div>
`;
